// Jest Snapshot v1, https://goo.gl/fbAQLP

exports[`Pruebas en <PrimeraApp /> Mostrar el mensaje, Hola Papu - Enzime 1`] = `
<Fragment>
  <h1>
     
    Hola Papu
     
  </h1>
  <h2>
    Soy un subtitulo
  </h2>
  <p>
     Mi primera Apilcaci√≥n, edad: 
     
  </p>
</Fragment>
`;
